
> chronicle-ai@2.0.0 build:prod
> cross-env NODE_ENV=production npm run build


> chronicle-ai@2.0.0 build
> tsc --noEmit && vite build

src/App.tsx(2,8): error TS6133: 'React' is declared but its value is never read.
src/components/AchievementsGallery.tsx(74,51): error TS2769: No overload matches this call.
  Overload 1 of 2, '(message: string, error?: Error | undefined, context?: LogContext | undefined): void', gave the following error.
    Argument of type 'unknown' is not assignable to parameter of type 'Error | undefined'.
  Overload 2 of 2, '(message: string, context?: LogContext | undefined): void', gave the following error.
    Argument of type 'unknown' is not assignable to parameter of type 'LogContext | undefined'.
src/components/CalendarView.tsx(27,20): error TS2345: Argument of type 'string | undefined' is not assignable to parameter of type 'string'.
  Type 'undefined' is not assignable to type 'string'.
src/components/CalendarView.tsx(28,17): error TS2345: Argument of type 'string | undefined' is not assignable to parameter of type 'string'.
  Type 'undefined' is not assignable to type 'string'.
src/components/CalendarView.tsx(30,15): error TS2345: Argument of type 'string | undefined' is not assignable to parameter of type 'string'.
  Type 'undefined' is not assignable to type 'string'.
src/components/CalendarView.tsx(51,42): error TS2345: Argument of type 'string | undefined' is not assignable to parameter of type 'string'.
  Type 'undefined' is not assignable to type 'string'.
src/components/CalendarView.tsx(72,44): error TS2345: Argument of type 'string | undefined' is not assignable to parameter of type 'string'.
  Type 'undefined' is not assignable to type 'string'.
src/components/CalendarView.tsx(113,73): error TS2532: Object is possibly 'undefined'.
src/components/CoachingModal.tsx(38,11): error TS2339: Property 'canUseAI' does not exist on type '{ usage: SubscriptionUsage | null; loading: boolean; error: string | null; hasReachedLimit: () => boolean; canMakeAICall: () => boolean; incrementAICallCount: () => Promise<{ ...; }>; updateSubscriptionTier: (newTier: SubscriptionTier, stripeCustomerId?: string | undefined, stripeSubscriptionId?: string | undefined)...'.
src/components/CoachingModal.tsx(38,21): error TS2339: Property 'trackAICall' does not exist on type '{ usage: SubscriptionUsage | null; loading: boolean; error: string | null; hasReachedLimit: () => boolean; canMakeAICall: () => boolean; incrementAICallCount: () => Promise<{ ...; }>; updateSubscriptionTier: (newTier: SubscriptionTier, stripeCustomerId?: string | undefined, stripeSubscriptionId?: string | undefined)...'.
src/components/Footer.tsx(2,8): error TS6133: 'React' is declared but its value is never read.
src/components/index.ts(9,10): error TS2305: Module '"./SafeAreaView"' has no exported member 'default'.
src/components/index.ts(27,10): error TS2305: Module '"./AchievementsGallery"' has no exported member 'default'.
src/components/index.ts(29,10): error TS2305: Module '"./StreakDisplay"' has no exported member 'default'.
src/components/index.ts(38,10): error TS2305: Module '"./VoiceRecordingTimer"' has no exported member 'default'.
src/components/InsightsView.tsx(31,27): error TS2532: Object is possibly 'undefined'.
src/components/InsightsView.tsx(182,36): error TS2532: Object is possibly 'undefined'.
src/components/InsightsView.tsx(183,36): error TS2532: Object is possibly 'undefined'.
src/components/JournalEditor.tsx(32,66): error TS6133: 'updateEntry' is declared but its value is never read.
src/components/JournalEditor.tsx(88,26): error TS2345: Argument of type 'string | undefined' is not assignable to parameter of type 'SetStateAction<string>'.
  Type 'undefined' is not assignable to type 'SetStateAction<string>'.
src/components/JournalEditor.tsx(213,20): error TS2322: Type 'string | undefined' is not assignable to type 'string'.
  Type 'undefined' is not assignable to type 'string'.
src/components/JournalEditor.tsx(231,49): error TS2345: Argument of type '{ base64: string; mimeType: string; } | undefined' is not assignable to parameter of type 'string | undefined'.
  Type '{ base64: string; mimeType: string; }' is not assignable to type 'string'.
src/components/JournalEditor/FreestyleEditor.tsx(75,9): error TS2322: Type 'string | undefined' is not assignable to type 'string'.
  Type 'undefined' is not assignable to type 'string'.
src/components/JournalEditor/GuidedEditor.tsx(2,24): error TS6133: 'View' is declared but its value is never read.
src/components/JournalEditor/index.tsx(22,66): error TS6133: 'updateEntry' is declared but its value is never read.
src/components/JournalEntryCard.tsx(37,19): error TS7030: Not all code paths return a value.
src/components/Onboarding.tsx(2,8): error TS6133: 'React' is declared but its value is never read.
src/components/Onboarding.tsx(77,14): error TS2532: Object is possibly 'undefined'.
src/components/Onboarding.tsx(81,14): error TS2532: Object is possibly 'undefined'.
src/components/Onboarding.tsx(85,14): error TS2532: Object is possibly 'undefined'.
src/components/Onboarding.tsx(111,14): error TS2532: Object is possibly 'undefined'.
src/components/ToastProvider.tsx(1,1): error TS6133: 'React' is declared but its value is never read.
src/components/VoiceRecordingTimer.tsx(15,3): error TS6133: 'tier' is declared but its value is never read.
src/hooks/useAsyncAction.ts(70,47): error TS2769: No overload matches this call.
  Overload 1 of 2, '(message: string, error?: Error | undefined, context?: LogContext | undefined): void', gave the following error.
    Argument of type 'unknown' is not assignable to parameter of type 'Error | undefined'.
  Overload 2 of 2, '(message: string, context?: LogContext | undefined): void', gave the following error.
    Argument of type 'unknown' is not assignable to parameter of type 'LogContext | undefined'.
src/hooks/useAsyncAction.ts(126,43): error TS2769: No overload matches this call.
  Overload 1 of 2, '(message: string, error?: Error | undefined, context?: LogContext | undefined): void', gave the following error.
    Argument of type 'unknown' is not assignable to parameter of type 'Error | undefined'.
  Overload 2 of 2, '(message: string, context?: LogContext | undefined): void', gave the following error.
    Argument of type 'unknown' is not assignable to parameter of type 'LogContext | undefined'.
src/hooks/useDateLocale.ts(17,13): error TS2741: Property 'default' is missing in type 'typeof import("C:/Users/omerm/OneDrive/Masa\u00FCst\u00FC/chronicleai_2-main/node_modules/date-fns/locale/es")' but required in type '{ default: Locale; }'.
src/hooks/useDateLocale.ts(20,13): error TS2741: Property 'default' is missing in type 'typeof import("C:/Users/omerm/OneDrive/Masa\u00FCst\u00FC/chronicleai_2-main/node_modules/date-fns/locale/fr")' but required in type '{ default: Locale; }'.
src/hooks/useDateLocale.ts(23,13): error TS2741: Property 'default' is missing in type 'typeof import("C:/Users/omerm/OneDrive/Masa\u00FCst\u00FC/chronicleai_2-main/node_modules/date-fns/locale/de")' but required in type '{ default: Locale; }'.
src/hooks/useDateLocale.ts(26,13): error TS2741: Property 'default' is missing in type 'typeof import("C:/Users/omerm/OneDrive/Masa\u00FCst\u00FC/chronicleai_2-main/node_modules/date-fns/locale/tr")' but required in type '{ default: Locale; }'.
src/hooks/useDateLocale.ts(29,13): error TS2741: Property 'default' is missing in type 'typeof import("C:/Users/omerm/OneDrive/Masa\u00FCst\u00FC/chronicleai_2-main/node_modules/date-fns/locale/en-US")' but required in type '{ default: Locale; }'.
src/hooks/useGamification.ts(53,39): error TS2345: Argument of type '{ user_id_param: string; }' is not assignable to parameter of type 'undefined'.
src/hooks/useGamification.ts(58,72): error TS2339: Property 'map' does not exist on type 'never'.
src/hooks/useGamification.ts(95,53): error TS2339: Property 'current_streak' does not exist on type 'never'.
src/hooks/useGamification.ts(100,33): error TS2339: Property 'current_streak' does not exist on type 'never'.
src/hooks/useGamification.ts(101,33): error TS2339: Property 'longest_streak' does not exist on type 'never'.
src/hooks/useGamification.ts(107,34): error TS2339: Property 'current_streak' does not exist on type 'never'.
src/hooks/useGamification.ts(108,44): error TS2339: Property 'requirement_value' does not exist on type 'never'.
src/hooks/useGamification.ts(115,57): error TS2769: No overload matches this call.
  Overload 1 of 2, '(message: string, error?: Error | undefined, context?: LogContext | undefined): void', gave the following error.
    Argument of type 'unknown' is not assignable to parameter of type 'Error | undefined'.
  Overload 2 of 2, '(message: string, context?: LogContext | undefined): void', gave the following error.
    Argument of type 'unknown' is not assignable to parameter of type 'LogContext | undefined'.
src/hooks/useGamification.ts(127,82): error TS2345: Argument of type '{ user_id_param: string; }' is not assignable to parameter of type 'undefined'.
src/hooks/useGamification.ts(155,56): error TS2769: No overload matches this call.
  Overload 1 of 2, '(message: string, error?: Error | undefined, context?: LogContext | undefined): void', gave the following error.
    Argument of type 'unknown' is not assignable to parameter of type 'Error | undefined'.
  Overload 2 of 2, '(message: string, context?: LogContext | undefined): void', gave the following error.
    Argument of type 'unknown' is not assignable to parameter of type 'LogContext | undefined'.
src/hooks/useGuidedSession.ts(1,33): error TS6133: 'useEffect' is declared but its value is never read.
src/hooks/useGuidedSession.ts(41,28): error TS2345: Argument of type 'string | undefined' is not assignable to parameter of type 'SetStateAction<string>'.
  Type 'undefined' is not assignable to type 'SetStateAction<string>'.
src/hooks/useGuidedSession.ts(46,54): error TS2769: No overload matches this call.
  Overload 1 of 2, '(message: string, error?: Error | undefined, context?: LogContext | undefined): void', gave the following error.
    Argument of type 'unknown' is not assignable to parameter of type 'Error | undefined'.
  Overload 2 of 2, '(message: string, context?: LogContext | undefined): void', gave the following error.
    Argument of type 'unknown' is not assignable to parameter of type 'LogContext | undefined'.
src/hooks/useGuidedSession.ts(105,60): error TS2769: No overload matches this call.
  Overload 1 of 2, '(message: string, error?: Error | undefined, context?: LogContext | undefined): void', gave the following error.
    Argument of type 'unknown' is not assignable to parameter of type 'Error | undefined'.
  Overload 2 of 2, '(message: string, context?: LogContext | undefined): void', gave the following error.
    Argument of type 'unknown' is not assignable to parameter of type 'LogContext | undefined'.
src/hooks/useJournal.ts(39,49): error TS2769: No overload matches this call.
  Overload 1 of 2, '(message: string, error?: Error | undefined, context?: LogContext | undefined): void', gave the following error.
    Argument of type 'unknown' is not assignable to parameter of type 'Error | undefined'.
  Overload 2 of 2, '(message: string, context?: LogContext | undefined): void', gave the following error.
    Argument of type 'unknown' is not assignable to parameter of type 'LogContext | undefined'.
src/hooks/useLanguageSync.ts(6,10): error TS2459: Module '"@/types"' declares 'AppLanguage' locally, but it is not exported.
src/hooks/useLanguageSync.ts(26,32): error TS2339: Property 'preferences' does not exist on type 'never'.
src/hooks/useLanguageSync.ts(65,44): error TS2339: Property 'preferences' does not exist on type 'never'.
src/hooks/useLanguageSync.ts(69,19): error TS2345: Argument of type '{ preferences: { language: AppLanguage; emailNotifications: boolean; insightsFrequency: "daily" | "weekly" | "monthly" | "never"; weeklyDigest: boolean; onThisDay: boolean; streakReminders: boolean; achievementNotifications: boolean; }; }' is not assignable to parameter of type 'never'.
src/hooks/useOfflineSync.ts(43,53): error TS2769: No overload matches this call.
  Overload 1 of 2, '(message: string, error?: Error | undefined, context?: LogContext | undefined): void', gave the following error.
    Argument of type 'unknown' is not assignable to parameter of type 'Error | undefined'.
  Overload 2 of 2, '(message: string, context?: LogContext | undefined): void', gave the following error.
    Argument of type 'unknown' is not assignable to parameter of type 'LogContext | undefined'.
src/hooks/useOfflineSync.ts(55,53): error TS2769: No overload matches this call.
  Overload 1 of 2, '(message: string, error?: Error | undefined, context?: LogContext | undefined): void', gave the following error.
    Argument of type 'unknown' is not assignable to parameter of type 'Error | undefined'.
  Overload 2 of 2, '(message: string, context?: LogContext | undefined): void', gave the following error.
    Argument of type 'unknown' is not assignable to parameter of type 'LogContext | undefined'.
src/hooks/useOfflineSync.ts(96,48): error TS2345: Argument of type 'OfflineAction' is not assignable to parameter of type 'Error | undefined'.
  Type 'AddAction' is missing the following properties from type 'Error': name, message
src/hooks/usePlatform.ts(1,20): error TS6133: 'useEffect' is declared but its value is never read.
src/hooks/useSpeechRecognition.ts(94,82): error TS2345: Argument of type '{ p_user_id: string; }' is not assignable to parameter of type 'undefined'.
src/hooks/useSpeechRecognition.ts(102,34): error TS2339: Property 'recordings_used' does not exist on type 'never'.
src/hooks/useSpeechRecognition.ts(103,35): error TS2339: Property 'recordings_limit' does not exist on type 'never'.
src/hooks/useSpeechRecognition.ts(104,39): error TS2339: Property 'recordings_remaining' does not exist on type 'never'.
src/hooks/useSpeechRecognition.ts(132,24): error TS18048: 'result' is possibly 'undefined'.
src/hooks/useSpeechRecognition.ts(157,18): error TS2339: Property 'warningAtSeconds' does not exist on type '{ readonly enabled: false; readonly maxDurationSeconds: 0; readonly monthlyRecordingLimit: 0; readonly displayName: "Not available"; } | { readonly enabled: true; readonly maxDurationSeconds: 60; readonly monthlyRecordingLimit: 40; readonly warningAtSeconds: 50; readonly displayName: "1 min per recording, 40/month";...'.
  Property 'warningAtSeconds' does not exist on type '{ readonly enabled: false; readonly maxDurationSeconds: 0; readonly monthlyRecordingLimit: 0; readonly displayName: "Not available"; }'.
src/hooks/useSpeechRecognition.ts(158,29): error TS2339: Property 'warningAtSeconds' does not exist on type '{ readonly enabled: false; readonly maxDurationSeconds: 0; readonly monthlyRecordingLimit: 0; readonly displayName: "Not available"; } | { readonly enabled: true; readonly maxDurationSeconds: 60; readonly monthlyRecordingLimit: 40; readonly warningAtSeconds: 50; readonly displayName: "1 min per recording, 40/month";...'.
  Property 'warningAtSeconds' does not exist on type '{ readonly enabled: false; readonly maxDurationSeconds: 0; readonly monthlyRecordingLimit: 0; readonly displayName: "Not available"; }'.
src/hooks/useSpeechRecognition.ts(162,17): error TS2339: Property 'warning' does not exist on type '{ (message: Message, opts?: Partial<Pick<Toast, "className" | "id" | "icon" | "style" | "duration" | "ariaProps" | "position" | "iconTheme" | "toasterId" | "removeDelay">> | undefined): string; ... 8 more ...; promise<T>(promise: Promise<...> | (() => Promise<...>), msgs: { ...; }, opts?: DefaultToastOptions | undef...'.
src/hooks/useSpeechRecognition.ts(208,85): error TS2345: Argument of type '{ p_user_id: string; }' is not assignable to parameter of type 'undefined'.
src/hooks/useSpeechRecognition.ts(214,17): error TS2339: Property 'success' does not exist on type 'never'.
src/hooks/useSpeechRecognition.ts(215,26): error TS2339: Property 'error' does not exist on type 'never'.
src/hooks/useSpeechRecognition.ts(221,30): error TS2339: Property 'recordings_used' does not exist on type 'never'.
src/hooks/useSpeechRecognition.ts(222,31): error TS2339: Property 'recordings_limit' does not exist on type 'never'.
src/hooks/useSpeechRecognition.ts(223,35): error TS2339: Property 'recordings_remaining' does not exist on type 'never'.
src/hooks/useSpeechRecognition.ts(227,16): error TS2339: Property 'recordings_remaining' does not exist on type 'never'.
src/hooks/useSpeechRecognition.ts(227,50): error TS2339: Property 'recordings_remaining' does not exist on type 'never'.
src/hooks/useSpeechRecognition.ts(228,15): error TS2339: Property 'info' does not exist on type '{ (message: Message, opts?: Partial<Pick<Toast, "className" | "id" | "icon" | "style" | "duration" | "ariaProps" | "position" | "iconTheme" | "toasterId" | "removeDelay">> | undefined): string; ... 8 more ...; promise<T>(promise: Promise<...> | (() => Promise<...>), msgs: { ...; }, opts?: DefaultToastOptions | undef...'.
src/hooks/useSpeechRecognition.ts(229,19): error TS2339: Property 'recordings_remaining' does not exist on type 'never'.
src/hooks/useSubscription.ts(34,37): error TS2339: Property 'ai_calls_used' does not exist on type 'never'.
src/hooks/useSubscription.ts(35,38): error TS2339: Property 'ai_calls_limit' does not exist on type 'never'.
src/hooks/useSubscription.ts(38,43): error TS2339: Property 'consumable_ai_calls' does not exist on type 'never'.
src/hooks/useSubscription.ts(41,26): error TS2339: Property 'subscription_tier' does not exist on type 'never'.
src/hooks/useSubscription.ts(47,39): error TS2339: Property 'billing_period_start' does not exist on type 'never'.
src/hooks/useSubscription.ts(48,37): error TS2339: Property 'billing_period_end' does not exist on type 'never'.
src/hooks/useSubscription.ts(52,52): error TS2769: No overload matches this call.
  Overload 1 of 2, '(message: string, error?: Error | undefined, context?: LogContext | undefined): void', gave the following error.
    Argument of type 'unknown' is not assignable to parameter of type 'Error | undefined'.
  Overload 2 of 2, '(message: string, context?: LogContext | undefined): void', gave the following error.
    Argument of type 'unknown' is not assignable to parameter of type 'LogContext | undefined'.
src/hooks/useSubscription.ts(86,36): error TS2345: Argument of type '{ user_uuid: string; }' is not assignable to parameter of type 'undefined'.
src/hooks/useSubscription.ts(90,24): error TS2339: Property 'length' does not exist on type 'never'.
src/hooks/useSubscription.ts(93,21): error TS2339: Property 'success' does not exist on type 'never'.
src/hooks/useSubscription.ts(96,61): error TS2339: Property 'calls_limit' does not exist on type 'never'.
src/hooks/useSubscription.ts(104,33): error TS2339: Property 'calls_used' does not exist on type 'never'.
src/hooks/useSubscription.ts(105,38): error TS2339: Property 'calls_remaining' does not exist on type 'never'.
src/hooks/useSubscription.ts(106,37): error TS2339: Property 'calls_used' does not exist on type 'never'.
src/hooks/useSubscription.ts(106,57): error TS2339: Property 'calls_limit' does not exist on type 'never'.
src/hooks/useSubscription.ts(115,57): error TS2769: No overload matches this call.
  Overload 1 of 2, '(message: string, error?: Error | undefined, context?: LogContext | undefined): void', gave the following error.
    Argument of type 'unknown' is not assignable to parameter of type 'Error | undefined'.
  Overload 2 of 2, '(message: string, context?: LogContext | undefined): void', gave the following error.
    Argument of type 'unknown' is not assignable to parameter of type 'LogContext | undefined'.
src/hooks/useSubscription.ts(133,42): error TS2345: Argument of type '{ user_uuid: string; new_tier: SubscriptionTier; new_stripe_customer_id: string | undefined; new_stripe_subscription_id: string | undefined; }' is not assignable to parameter of type 'undefined'.
src/hooks/useSubscription.ts(146,57): error TS2769: No overload matches this call.
  Overload 1 of 2, '(message: string, error?: Error | undefined, context?: LogContext | undefined): void', gave the following error.
    Argument of type 'unknown' is not assignable to parameter of type 'Error | undefined'.
  Overload 2 of 2, '(message: string, context?: LogContext | undefined): void', gave the following error.
    Argument of type 'unknown' is not assignable to parameter of type 'LogContext | undefined'.
src/lib/analytics.ts(153,40): error TS2769: No overload matches this call.
  Overload 1 of 2, '(message: string, error?: Error | undefined, context?: LogContext | undefined): void', gave the following error.
    Argument of type 'unknown' is not assignable to parameter of type 'Error | undefined'.
  Overload 2 of 2, '(message: string, context?: LogContext | undefined): void', gave the following error.
    Argument of type 'unknown' is not assignable to parameter of type 'LogContext | undefined'.
src/lib/analytics.ts(160,17): error TS6133: 'sendToCustomEndpoint' is declared but its value is never read.
src/lib/analytics.ts(176,55): error TS2769: No overload matches this call.
  Overload 1 of 2, '(message: string, error?: Error | undefined, context?: LogContext | undefined): void', gave the following error.
    Argument of type 'unknown' is not assignable to parameter of type 'Error | undefined'.
  Overload 2 of 2, '(message: string, context?: LogContext | undefined): void', gave the following error.
    Argument of type 'unknown' is not assignable to parameter of type 'LogContext | undefined'.
src/lib/analytics.ts(244,10): error TS2322: Type '() => void' is not assignable to type 'void'.
src/lib/dataExportService.ts(9,15): error TS6196: 'JournalEntry' is declared but never used.
src/lib/dataExportService.ts(9,29): error TS6196: 'Profile' is declared but never used.
src/lib/dataExportService.ts(47,22): error TS2339: Property 'id' does not exist on type 'never'.
src/lib/dataExportService.ts(48,25): error TS2339: Property 'email' does not exist on type 'never'.
src/lib/dataExportService.ts(49,28): error TS2339: Property 'full_name' does not exist on type 'never'.
src/lib/dataExportService.ts(50,29): error TS2339: Property 'avatar_url' does not exist on type 'never'.
src/lib/dataExportService.ts(51,31): error TS2339: Property 'preferences' does not exist on type 'never'.
src/lib/dataExportService.ts(52,29): error TS2339: Property 'created_at' does not exist on type 'never'.
src/lib/dataExportService.ts(58,32): error TS2339: Property 'date' does not exist on type 'never'.
src/lib/dataExportService.ts(59,48): error TS2339: Property 'date' does not exist on type 'never'.
src/lib/dataExportService.ts(66,43): error TS2769: No overload matches this call.
  Overload 1 of 2, '(message: string, error?: Error | undefined, context?: LogContext | undefined): void', gave the following error.
    Argument of type 'unknown' is not assignable to parameter of type 'Error | undefined'.
  Overload 2 of 2, '(message: string, context?: LogContext | undefined): void', gave the following error.
    Argument of type 'unknown' is not assignable to parameter of type 'LogContext | undefined'.
src/lib/dataExportService.ts(164,42): error TS2769: No overload matches this call.
  Overload 1 of 2, '(message: string, error?: Error | undefined, context?: LogContext | undefined): void', gave the following error.
    Argument of type 'unknown' is not assignable to parameter of type 'Error | undefined'.
  Overload 2 of 2, '(message: string, context?: LogContext | undefined): void', gave the following error.
    Argument of type 'unknown' is not assignable to parameter of type 'LogContext | undefined'.
src/lib/dataExportService.ts(254,43): error TS2769: No overload matches this call.
  Overload 1 of 2, '(message: string, error?: Error | undefined, context?: LogContext | undefined): void', gave the following error.
    Argument of type 'unknown' is not assignable to parameter of type 'Error | undefined'.
  Overload 2 of 2, '(message: string, context?: LogContext | undefined): void', gave the following error.
    Argument of type 'unknown' is not assignable to parameter of type 'LogContext | undefined'.
src/lib/dataExportService.ts(300,47): error TS2769: No overload matches this call.
  Overload 1 of 2, '(message: string, error?: Error | undefined, context?: LogContext | undefined): void', gave the following error.
    Argument of type 'unknown' is not assignable to parameter of type 'Error | undefined'.
  Overload 2 of 2, '(message: string, context?: LogContext | undefined): void', gave the following error.
    Argument of type 'unknown' is not assignable to parameter of type 'LogContext | undefined'.
src/lib/dataExportService.ts(331,56): error TS2769: No overload matches this call.
  Overload 1 of 2, '(message: string, error?: Error | undefined, context?: LogContext | undefined): void', gave the following error.
    Argument of type 'unknown' is not assignable to parameter of type 'Error | undefined'.
  Overload 2 of 2, '(message: string, context?: LogContext | undefined): void', gave the following error.
    Argument of type 'unknown' is not assignable to parameter of type 'LogContext | undefined'.
src/lib/dataExportService.ts(382,30): error TS2339: Property 'date' does not exist on type 'never'.
src/lib/dataExportService.ts(383,46): error TS2339: Property 'date' does not exist on type 'never'.
src/lib/dataExportService.ts(388,52): error TS2769: No overload matches this call.
  Overload 1 of 2, '(message: string, error?: Error | undefined, context?: LogContext | undefined): void', gave the following error.
    Argument of type 'unknown' is not assignable to parameter of type 'Error | undefined'.
  Overload 2 of 2, '(message: string, context?: LogContext | undefined): void', gave the following error.
    Argument of type 'unknown' is not assignable to parameter of type 'LogContext | undefined'.
src/lib/dataExportService.ts(406,50): error TS2769: No overload matches this call.
  Overload 1 of 2, '(message: string, error?: Error | undefined, context?: LogContext | undefined): void', gave the following error.
    Argument of type 'unknown' is not assignable to parameter of type 'Error | undefined'.
  Overload 2 of 2, '(message: string, context?: LogContext | undefined): void', gave the following error.
    Argument of type 'unknown' is not assignable to parameter of type 'LogContext | undefined'.
src/lib/errorHandler.ts(8,1): error TS6192: All imports in import declaration are unused.
src/lib/errorMonitoring.ts(24,18): error TS2339: Property 'BrowserTracing' does not exist on type 'typeof import("C:/Users/omerm/OneDrive/Masa\u00FCst\u00FC/chronicleai_2-main/node_modules/@sentry/react/build/types/index")'.
src/lib/errorMonitoring.ts(28,18): error TS2339: Property 'Replay' does not exist on type 'typeof import("C:/Users/omerm/OneDrive/Masa\u00FCst\u00FC/chronicleai_2-main/node_modules/@sentry/react/build/types/index")'.
src/lib/errorMonitoring.ts(46,23): error TS6133: 'hint' is declared but its value is never read.
src/lib/featureFlags.tsx(109,59): error TS2769: No overload matches this call.
  Overload 1 of 2, '(message: string, error?: Error | undefined, context?: LogContext | undefined): void', gave the following error.
    Argument of type 'unknown' is not assignable to parameter of type 'Error | undefined'.
  Overload 2 of 2, '(message: string, context?: LogContext | undefined): void', gave the following error.
    Argument of type 'unknown' is not assignable to parameter of type 'LogContext | undefined'.
src/lib/featureFlags.tsx(257,25): error TS6133: 'flag' is declared but its value is never read.
src/lib/featureFlags.tsx(279,61): error TS2769: No overload matches this call.
  Overload 1 of 2, '(message: string, error?: Error | undefined, context?: LogContext | undefined): void', gave the following error.
    Argument of type 'unknown' is not assignable to parameter of type 'Error | undefined'.
  Overload 2 of 2, '(message: string, context?: LogContext | undefined): void', gave the following error.
    Argument of type 'unknown' is not assignable to parameter of type 'LogContext | undefined'.
src/lib/featureFlags.tsx(297,61): error TS2769: No overload matches this call.
  Overload 1 of 2, '(message: string, error?: Error | undefined, context?: LogContext | undefined): void', gave the following error.
    Argument of type 'unknown' is not assignable to parameter of type 'Error | undefined'.
  Overload 2 of 2, '(message: string, context?: LogContext | undefined): void', gave the following error.
    Argument of type 'unknown' is not assignable to parameter of type 'LogContext | undefined'.
src/lib/index.ts(10,3): error TS1205: Re-exporting a type when 'isolatedModules' is enabled requires using 'export type'.
src/lib/index.ts(39,30): error TS2305: Module '"./performanceMonitoring"' has no exported member 'measurePerformance'.
src/lib/index.ts(39,50): error TS2305: Module '"./performanceMonitoring"' has no exported member 'trackUserTiming'.
src/lib/index.ts(39,67): error TS2305: Module '"./performanceMonitoring"' has no exported member 'trackResourceTiming'.
src/lib/index.ts(46,23): error TS2305: Module '"./envValidation"' has no exported member 'getRequiredEnvVars'.
src/lib/index.ts(46,43): error TS2305: Module '"./envValidation"' has no exported member 'validateBrowserEnv'.
src/lib/index.ts(47,10): error TS2305: Module '"./validation"' has no exported member 'validateJournalEntry'.
src/lib/index.ts(47,32): error TS2305: Module '"./validation"' has no exported member 'validateEmail'.
src/lib/index.ts(47,47): error TS2305: Module '"./validation"' has no exported member 'validatePassword'.
src/lib/index.ts(47,65): error TS2305: Module '"./validation"' has no exported member 'validateUserProfile'.
src/lib/index.ts(48,10): error TS2724: '"./rateLimiter"' has no exported member named 'RateLimiter'. Did you mean 'rateLimiter'?
src/lib/index.ts(52,3): error TS2305: Module '"./dataExportService"' has no exported member 'exportToJSON'.
src/lib/index.ts(53,3): error TS2305: Module '"./dataExportService"' has no exported member 'exportToCSV'.
src/lib/index.ts(54,3): error TS2305: Module '"./dataExportService"' has no exported member 'exportToMarkdown'.
src/lib/index.ts(55,3): error TS2305: Module '"./dataExportService"' has no exported member 'exportToPDF'.
src/lib/index.ts(56,3): error TS2305: Module '"./dataExportService"' has no exported member 'downloadExport'.
src/lib/index.ts(60,10): error TS2305: Module '"./featureFlags"' has no exported member 'FeatureFlagProvider'.
src/lib/index.ts(60,47): error TS2724: '"./featureFlags"' has no exported member named 'useFeatureFlags'. Did you mean 'useFeatureFlag'?
src/lib/index.ts(63,10): error TS2724: '"./api/retryConfig"' has no exported member named 'retryConfig'. Did you mean 'RetryConfig'?
src/lib/index.ts(63,23): error TS2305: Module '"./api/retryConfig"' has no exported member 'createRetryableRequest'.
src/lib/logger.ts(122,13): error TS6133: 'style' is declared but its value is never read.
src/lib/logger.ts(241,66): error TS2345: Argument of type 'LogContext | undefined' is not assignable to parameter of type 'Error | undefined'.
  Type 'LogContext' is missing the following properties from type 'Error': name, message
src/lib/monitoring/webVitals.ts(8,65): error TS2307: Cannot find module 'web-vitals' or its corresponding type declarations.
src/lib/monitoring/webVitals.ts(131,53): error TS2769: No overload matches this call.
  Overload 1 of 2, '(message: string, error?: Error | undefined, context?: LogContext | undefined): void', gave the following error.
    Argument of type 'unknown' is not assignable to parameter of type 'Error | undefined'.
  Overload 2 of 2, '(message: string, context?: LogContext | undefined): void', gave the following error.
    Argument of type 'unknown' is not assignable to parameter of type 'LogContext | undefined'.
src/lib/monitoring/webVitals.ts(183,52): error TS2769: No overload matches this call.
  Overload 1 of 2, '(message: string, error?: Error | undefined, context?: LogContext | undefined): void', gave the following error.
    Argument of type 'unknown' is not assignable to parameter of type 'Error | undefined'.
  Overload 2 of 2, '(message: string, context?: LogContext | undefined): void', gave the following error.
    Argument of type 'unknown' is not assignable to parameter of type 'LogContext | undefined'.
src/lib/performanceMonitoring.ts(60,54): error TS2769: No overload matches this call.
  Overload 1 of 2, '(message: string, error?: Error | undefined, context?: LogContext | undefined): void', gave the following error.
    Argument of type 'unknown' is not assignable to parameter of type 'Error | undefined'.
  Overload 2 of 2, '(message: string, context?: LogContext | undefined): void', gave the following error.
    Argument of type 'unknown' is not assignable to parameter of type 'LogContext | undefined'.
src/lib/performanceMonitoring.ts(215,67): error TS2345: Argument of type 'string' is not assignable to parameter of type 'LogContext'.
src/lib/security.ts(215,42): error TS2769: No overload matches this call.
  Overload 1 of 2, '(message: string, error?: Error | undefined, context?: LogContext | undefined): void', gave the following error.
    Argument of type 'unknown' is not assignable to parameter of type 'Error | undefined'.
  Overload 2 of 2, '(message: string, context?: LogContext | undefined): void', gave the following error.
    Argument of type 'unknown' is not assignable to parameter of type 'LogContext | undefined'.
src/lib/validation.ts(11,7): error TS6133: 'patterns' is declared but its value is never read.
src/main.tsx(25,50): error TS2769: No overload matches this call.
  Overload 1 of 2, '(message: string, error?: Error | undefined, context?: LogContext | undefined): void', gave the following error.
    Argument of type 'unknown' is not assignable to parameter of type 'Error | undefined'.
  Overload 2 of 2, '(message: string, context?: LogContext | undefined): void', gave the following error.
    Argument of type 'unknown' is not assignable to parameter of type 'LogContext | undefined'.
src/main.tsx(50,51): error TS2345: Argument of type 'boolean' is not assignable to parameter of type 'LogContext'.
src/main.tsx(64,55): error TS2769: No overload matches this call.
  Overload 1 of 2, '(message: string, error?: Error | undefined, context?: LogContext | undefined): void', gave the following error.
    Argument of type 'unknown' is not assignable to parameter of type 'Error | undefined'.
  Overload 2 of 2, '(message: string, context?: LogContext | undefined): void', gave the following error.
    Argument of type 'unknown' is not assignable to parameter of type 'LogContext | undefined'.
src/main.tsx(79,51): error TS2345: Argument of type 'string' is not assignable to parameter of type 'LogContext'.
src/pages/HelpCenter.tsx(2,8): error TS6133: 'React' is declared but its value is never read.
src/pages/HelpCenter.tsx(7,3): error TS6133: 'HeartIcon' is declared but its value is never read.
src/pages/HelpCenter.tsx(9,3): error TS6133: 'CalendarDaysIcon' is declared but its value is never read.
src/pages/LandingPage.tsx(2,8): error TS6133: 'React' is declared but its value is never read.
src/pages/PricingPage.tsx(196,56): error TS2769: No overload matches this call.
  Overload 1 of 2, '(message: string, error?: Error | undefined, context?: LogContext | undefined): void', gave the following error.
    Argument of type 'unknown' is not assignable to parameter of type 'Error | undefined'.
  Overload 2 of 2, '(message: string, context?: LogContext | undefined): void', gave the following error.
    Argument of type 'unknown' is not assignable to parameter of type 'LogContext | undefined'.
src/pages/PrivacyPolicy.tsx(2,8): error TS6133: 'React' is declared but its value is never read.
src/pages/Settings/PasswordSection.tsx(5,1): error TS6133: 'toast' is declared but its value is never read.
src/pages/Settings/PreferencesSection.tsx(44,17): error TS2339: Property 'preferences' does not exist on type 'never'.
src/pages/Settings/PreferencesSection.tsx(46,36): error TS2339: Property 'preferences' does not exist on type 'never'.
src/pages/Settings/PreferencesSection.tsx(47,35): error TS2339: Property 'preferences' does not exist on type 'never'.
src/pages/Settings/PreferencesSection.tsx(48,30): error TS2339: Property 'preferences' does not exist on type 'never'.
src/pages/Settings/PreferencesSection.tsx(49,27): error TS2339: Property 'preferences' does not exist on type 'never'.
src/pages/Settings/PreferencesSection.tsx(50,33): error TS2339: Property 'preferences' does not exist on type 'never'.
src/pages/Settings/PreferencesSection.tsx(51,42): error TS2339: Property 'preferences' does not exist on type 'never'.
src/pages/Settings/PreferencesSection.tsx(66,17): error TS2345: Argument of type '{ preferences: { language: AppLanguage; emailNotifications: boolean; insightsFrequency: "daily" | "weekly" | "monthly" | "never"; weeklyDigest: boolean; onThisDay: boolean; streakReminders: boolean; achievementNotifications: boolean; }; }' is not assignable to parameter of type 'never'.
src/pages/Settings/ProfileSection.tsx(32,27): error TS2339: Property 'full_name' does not exist on type 'never'.
src/pages/Settings/ProfileSection.tsx(33,28): error TS2339: Property 'avatar_url' does not exist on type 'never'.
src/pages/Settings/ProfileSection.tsx(46,17): error TS2345: Argument of type '{ full_name: string; avatar_url: string; }' is not assignable to parameter of type 'never'.
src/pages/Settings/SubscriptionSection.tsx(272,77): error TS2345: Argument of type '{ p_feature_id: string; }' is not assignable to parameter of type 'undefined'.
src/pages/Settings/SubscriptionSection.tsx(277,19): error TS2339: Property 'on_waitlist' does not exist on type 'never'.
src/pages/Settings/SubscriptionSection.tsx(293,67): error TS2345: Argument of type '{ p_feature_id: string; }' is not assignable to parameter of type 'undefined'.
src/pages/Settings/SubscriptionSection.tsx(299,17): error TS2339: Property 'success' does not exist on type 'never'.
src/pages/Settings/SubscriptionSection.tsx(303,31): error TS2339: Property 'error' does not exist on type 'never'.
src/pages/TermsOfService.tsx(2,8): error TS6133: 'React' is declared but its value is never read.
src/pages/TherapistsPage.tsx(27,67): error TS2345: Argument of type '{ p_feature_id: string; p_email: string; p_metadata: { profession: string; use_case: string; timestamp: string; }; }' is not assignable to parameter of type 'undefined'.
src/pages/TherapistsPage.tsx(39,17): error TS2339: Property 'success' does not exist on type 'never'.
src/pages/TherapistsPage.tsx(43,31): error TS2339: Property 'error' does not exist on type 'never'.
src/services/ai/perspectivesService.ts(31,70): error TS2769: No overload matches this call.
  Overload 1 of 2, '(message: string, error?: Error | undefined, context?: LogContext | undefined): void', gave the following error.
    Argument of type 'unknown' is not assignable to parameter of type 'Error | undefined'.
  Overload 2 of 2, '(message: string, context?: LogContext | undefined): void', gave the following error.
    Argument of type 'unknown' is not assignable to parameter of type 'LogContext | undefined'.
src/services/analyticsService.ts(19,11): error TS6133: 'userId' is declared but its value is never read.
src/services/analyticsService.ts(47,28): error TS6133: 'traits' is declared but its value is never read.
src/services/geminiService.ts(22,65): error TS6133: 'userId' is declared but its value is never read.
src/services/geminiService.ts(222,7): error TS2322: Type 'string | undefined' is not assignable to type 'string'.
  Type 'undefined' is not assignable to type 'string'.
src/services/journal/journalService.ts(74,62): error TS2769: No overload matches this call.
  Overload 1 of 2, '(values: never, options?: { count?: "exact" | "planned" | "estimated" | undefined; } | undefined): PostgrestFilterBuilder<{ PostgrestVersion: "12"; }, never, never, null, "journal_entries", never, "POST">', gave the following error.
    Argument of type 'Omit<DatabaseEntry, "id" | "created_at" | "updated_at">[]' is not assignable to parameter of type 'never'.
  Overload 2 of 2, '(values: never[], options?: { count?: "exact" | "planned" | "estimated" | undefined; defaultToNull?: boolean | undefined; } | undefined): PostgrestFilterBuilder<{ PostgrestVersion: "12"; }, never, never, null, "journal_entries", never, "POST">', gave the following error.
    Type 'Omit<DatabaseEntry, "id" | "created_at" | "updated_at">' is not assignable to type 'never'.
src/services/journal/journalService.ts(85,69): error TS2345: Argument of type 'Partial<Omit<DatabaseEntry, "id" | "created_at" | "user_id">>' is not assignable to parameter of type 'never'.
